src/services/tradingV2/market-detector/master-breakout-system.ts(111,25): error TS2339: Property 'calculateEMA' does not exist on type 'typeof Utils'.
src/services/tradingV2/market-detector/master-breakout-system.ts(112,25): error TS2339: Property 'calculateEMA' does not exist on type 'typeof Utils'.
